apiVersion: v1
kind: Secret
metadata:
  name: sentry-postgresql
  labels:
    app: postgresql
type: Opaque
data:
  postgres-password: 'X05qeU5HNUozRV9tZ2Jibkd0aUdtVHpUR3F5SGV5a2c='
