apiVersion: v1
kind: Secret
metadata:
  name: sentry
  labels:
    app: sentry
type: Opaque
data:
  sentry-secret: 'N1JibUZjcDFmdDE0S19VSzd1alNIMW54dXdzRXRGaUg4Wl9GZnQyMg=='
  smtp-password: ''
  user-password: 'cGFzc3dvcmQ='
